2026-09-07 22:55:32.742: [INFO] CurrentProfilePath: C:\Users\Yiheng.jin\demo\work\edge-cdp-profile\Default
2026-09-07 22:55:32.742: [INFO] Profiles total count: 1
2026-09-07 22:55:32.742: [INFO] Profile: name=用户配置 1 path=C:\Users\Yiheng.jin\demo\work\edge-cdp-profile\Default lastActive=null
2026-09-07 22:55:32.742: [INFO] LastUsedProfileDir: C:\Users\Yiheng.jin\demo\work\edge-cdp-profile\Default
2026-09-07 22:55:32.742: [INFO] VisibilityChanged: 0
2026-09-07 22:55:32.781: [INFO] RecordSyncInitDuration has_sync_been_enabled: 0 state: 0
2026-09-07 22:55:32.782: [INFO] RecordSyncInitDuration has_sync_been_enabled: 0 state: 0
2026-09-07 22:55:32.783: [INFO] RecordSyncInitDuration has_sync_been_enabled: 0 state: 0
2026-09-07 22:55:32.784: [INFO] RecordSyncInitDuration has_sync_been_enabled: 0 state: 0
2026-09-07 22:55:32.785: [INFO] RecordSyncInitDuration has_sync_been_enabled: 0 state: 0
2026-09-07 22:55:32.786: [INFO] RecordSyncInitDuration has_sync_been_enabled: 0 state: 0
2026-09-07 22:55:32.786: [INFO] RecordSyncInitDuration has_sync_been_enabled: 0 state: 0
2026-09-07 22:55:32.787: [INFO] RecordSyncInitDuration has_sync_been_enabled: 0 state: 0
2026-09-07 22:55:32.788: [INFO] RecordSyncInitDuration has_sync_been_enabled: 0 state: 0
2026-09-07 22:55:32.789: [INFO] RecordSyncInitDuration has_sync_been_enabled: 0 state: 0
2026-09-07 22:55:32.816: [INFO] OnDoneLoading sync enabled: 0
2026-09-07 22:55:32.816: [INFO] BookmarkModelLoaded, ids_reassigned: 0
2026-09-07 22:55:32.816: [INFO] BookmarksLoadDropped droppedNodes=0
2026-09-07 22:55:32.816: [INFO] BookmarksSnapshot Startup total=0 bar=0 other=0 mobile=0 showBar=0 showBarNTP=1
2026-09-07 22:55:32.936: [INFO] RecordSyncInitDuration has_sync_been_enabled: 0 state: 0
2026-09-07 22:55:35.580: [INFO] BookmarkNodeAdded, ABU: 0
2026-09-07 22:55:35.581: [INFO] BookmarkNodeAdded, ABU: 0
2026-09-07 22:55:35.581: [INFO] BookmarkNodeAdded, ABU: 0
2026-09-07 22:58:23.854: [INFO] BookmarksSnapshot Shutdown total=2 bar=1 other=0 mobile=0 showBar=0 showBarNTP=1
